// Jest Snapshot v1, https://goo.gl/fbAQLP

exports[`Auth Layout render Should Auth Layout match Snapshot 1`] = `
<div>
  <html
    lang="en"
  >
    <body>
      <noscript>
        &lt;iframe src="https://www.googletagmanager.com/ns.html?id=GTM-NVSQVJS"
            height="0" width="0" style="display:none;visibility:hidden"&gt;&lt;/iframe&gt;
      </noscript>
      <main
        class="css-lepva3"
      >
        Contents Page
      </main>
      <span
        hidden=""
        id="__chakra_env"
      />
    </body>
  </html>
  <span
    hidden=""
    id="__chakra_env"
  />
</div>
`;
