// Jest Snapshot v1, https://goo.gl/fbAQLP

exports[`PageLayout render Should PageLayout match Snapshot 1`] = `
<div>
  <header
    class="chakra-container css-2mqkvj"
  >
    <div
      class="css-1psvhc8"
    >
      <h1
        class="chakra-heading css-vqcpt4"
      >
        <a
          href="/"
        >
          <div
            class="css-1cqdkzb"
          >
            <img
              alt="Logo FoodZero"
              data-nimg="fill"
              decoding="async"
              sizes="(max-width: 768px) 307px, 115px (min-width: 768px) 134px, 50px (min-width: 1200px) 307px, 115px"
              src="/_next/image?url=%2Fimages%2Flogo.webp&w=3840&q=75"
              srcset="/_next/image?url=%2Fimages%2Flogo.webp&w=16&q=75 16w, /_next/image?url=%2Fimages%2Flogo.webp&w=32&q=75 32w, /_next/image?url=%2Fimages%2Flogo.webp&w=48&q=75 48w, /_next/image?url=%2Fimages%2Flogo.webp&w=64&q=75 64w, /_next/image?url=%2Fimages%2Flogo.webp&w=96&q=75 96w, /_next/image?url=%2Fimages%2Flogo.webp&w=128&q=75 128w, /_next/image?url=%2Fimages%2Flogo.webp&w=256&q=75 256w, /_next/image?url=%2Fimages%2Flogo.webp&w=384&q=75 384w, /_next/image?url=%2Fimages%2Flogo.webp&w=640&q=75 640w, /_next/image?url=%2Fimages%2Flogo.webp&w=750&q=75 750w, /_next/image?url=%2Fimages%2Flogo.webp&w=828&q=75 828w, /_next/image?url=%2Fimages%2Flogo.webp&w=1080&q=75 1080w, /_next/image?url=%2Fimages%2Flogo.webp&w=1200&q=75 1200w, /_next/image?url=%2Fimages%2Flogo.webp&w=1920&q=75 1920w, /_next/image?url=%2Fimages%2Flogo.webp&w=2048&q=75 2048w, /_next/image?url=%2Fimages%2Flogo.webp&w=3840&q=75 3840w"
              style="position: absolute; height: 100%; width: 100%; left: 0px; top: 0px; right: 0px; bottom: 0px; color: transparent;"
            />
          </div>
        </a>
      </h1>
      <button
        aria-label="menu"
        class="chakra-button css-1iizpuw"
        data-testid="buttonMenu"
        type="button"
      >
        <svg
          aria-hidden="true"
          class="chakra-icon css-189f5bz"
          focusable="false"
          viewBox="0 0 24 24"
        >
          <path
            d="M 3 5 A 1.0001 1.0001 0 1 0 3 7 L 21 7 A 1.0001 1.0001 0 1 0 21 5 L 3 5 z M 3 11 A 1.0001 1.0001 0 1 0 3 13 L 21 13 A 1.0001 1.0001 0 1 0 21 11 L 3 11 z M 3 17 A 1.0001 1.0001 0 1 0 3 19 L 21 19 A 1.0001 1.0001 0 1 0 21 17 L 3 17 z"
            fill="currentColor"
          />
        </svg>
      </button>
    </div>
    <div
      class="css-1y4a8vd"
    >
      <div
        class="css-jl5ft5"
      >
        <a
          href="tel:+86 852 346 000"
        >
          <p
            class="chakra-text css-1efn3iv"
          >
            +86 852 346 000
          </p>
        </a>
      </div>
      <button
        class="chakra-button css-1exwhky"
        type="button"
      >
        Reservations
      </button>
    </div>
  </header>
  <main
    class="css-1o2vtvx"
  >
    Contents Page
  </main>
  <div
    class="chakra-spinner css-nkpswe"
  >
    <span
      class="css-8b45rq"
    >
      Loading...
    </span>
  </div>
  <span
    hidden=""
    id="__chakra_env"
  />
</div>
`;

exports[`PageLayout render Should PageLayout of Login page match Snapshot 1`] = `
<div>
  <main
    class="css-lepva3"
  >
    Contents Login Page
  </main>
  <span
    hidden=""
    id="__chakra_env"
  />
</div>
`;
