// Jest Snapshot v1, https://goo.gl/fbAQLP

exports[`Login Page Login Page matches snapshot 1`] = `
<div>
  <div
    class="css-h2e77d"
  >
    <form>
      <label
        class="chakra-form__label css-78n0uo"
      >
        Login
      </label>
      <div
        class="chakra-form-control css-xj5wq"
        role="group"
      >
        <input
          class="chakra-input css-bwnhm1"
          data-testid="email"
          id="field-:r0:"
          name="email"
          placeholder="Email"
          type="email"
        />
        <input
          class="chakra-input css-bd6zxt"
          data-testid="password"
          id="field-:r0:"
          name="password"
          placeholder="Password"
          type="password"
        />
        <button
          class="chakra-button css-157j7mr"
          disabled=""
          type="submit"
        >
          Sign In
        </button>
      </div>
    </form>
  </div>
  <span
    hidden=""
    id="__chakra_env"
  />
</div>
`;
